[    1527ms] [WARNING] [ABConvert] ABCONVERT_SENTRY_DSN not configured @ https://y140ig9ev7dw52zu-85641101578.shopifypreview.com/:707
[    1531ms] [LOG] [ABConvert] [url-redirect-test-v1] [INFO] [init] Running ABConvert URL redirect test 2.0.0 with cart attribute updates {source: ABConvert, script: url-redirect-test-v1, level: info, step: init, message: Running ABConvert URL redirect test 2.0.0 with cart attribute updates} @ https://y140ig9ev7dw52zu-85641101578.shopifypreview.com/:707
[    1539ms] [LOG] [ABConvert] [url-redirect-test-v1] [INFO] [shop-url] Stored shop URL for redirect test {source: ABConvert, script: url-redirect-test-v1, level: info, step: shop-url, message: Stored shop URL for redirect test} @ https://y140ig9ev7dw52zu-85641101578.shopifypreview.com/:707
[    4245ms] [ERROR] Failed to load resource: the server responded with a status of 404 () @ https://y140ig9ev7dw52zu-85641101578.shopifypreview.com/web-pixels@4074779awe500cddcp1e53a49dm5f7c656e/custom/web-pixel-210665738@1/sandbox/modern/:0
[    4245ms] [ERROR] Failed to load resource: the server responded with a status of 404 () @ https://y140ig9ev7dw52zu-85641101578.shopifypreview.com/web-pixels@4074779awe500cddcp1e53a49dm5f7c656e/custom/web-pixel-210665738@1/sandbox/modern/:0
[    4331ms] [ERROR] Failed to load resource: the server responded with a status of 404 () @ https://y140ig9ev7dw52zu-85641101578.shopifypreview.com/web-pixels@4074779awe500cddcp1e53a49dm5f7c656e/custom/web-pixel-245465354@5/sandbox/modern/:0
[    4245ms] [ERROR] Failed to load resource: the server responded with a status of 404 () @ https://y140ig9ev7dw52zu-85641101578.shopifypreview.com/web-pixels@4074779awe500cddcp1e53a49dm5f7c656e/custom/web-pixel-210665738@1/sandbox/modern/:0
[    4331ms] [ERROR] Failed to load resource: the server responded with a status of 404 () @ https://y140ig9ev7dw52zu-85641101578.shopifypreview.com/web-pixels@4074779awe500cddcp1e53a49dm5f7c656e/custom/web-pixel-245465354@5/sandbox/modern/:0
[    4335ms] [ERROR] Failed to load resource: the server responded with a status of 404 () @ https://y140ig9ev7dw52zu-85641101578.shopifypreview.com/web-pixels@4074779awe500cddcp1e53a49dm5f7c656e/custom/web-pixel-shopify-custom-pixel@0480/sandbox/modern/:0
[   12172ms] [INFO] Clear-Site-Data header on 'https://y140ig9ev7dw52zu-85641101578.shopifypreview.com/cart/update.js': Cleared data types: "prefetchCache", "prerenderCache". @ https://y140ig9ev7dw52zu-85641101578.shopifypreview.com/:4372
[   17252ms] [INFO] [HotReload] CLI hot reload disabled - No hot reload port specified. @ https://y140ig9ev7dw52zu-85641101578.shopifypreview.com/cdn/shopifycloud/theme-hot-reload/theme-hot-reload.js:316
[   17497ms] [LOG] [ABConvert] Running ABConvert shipping script production: 3.1.0 - remove the blocking of changing line item property @ https://cdn.shopify.com/extensions/019eff39-3fab-7c23-887a-921e61a5a675/v2.14.41/assets/shipping-script.js:0
[   17497ms] [LOG] [ABConvert] Initialize shipping script @ https://cdn.shopify.com/extensions/019eff39-3fab-7c23-887a-921e61a5a675/v2.14.41/assets/shipping-script.js:0
[   17508ms] [LOG] [ABConvert] Fetch shipping config @ https://cdn.shopify.com/extensions/019eff39-3fab-7c23-887a-921e61a5a675/v2.14.41/assets/shipping-script.js:0
[   17608ms] [LOG] [ABConvert] Running customer label script @ https://cdn.shopify.com/extensions/019eff39-3fab-7c23-887a-921e61a5a675/v2.14.41/assets/visitor-label-script.js:1
[   17608ms] [LOG] [ABConvert] Running theme clear cache script 1.0.1 @ https://cdn.shopify.com/extensions/019eff39-3fab-7c23-887a-921e61a5a675/v2.14.41/assets/theme-clear-cache-script.js:1
[   22109ms] [LOG] DOM Purify Loaded @ https://subscription-admin.appstle.com/assets/js/appstle-subscription.min.js?shop=bquwnn-bz.myshopify.com&v=1781806074820:0
[   22345ms] [ERROR] Framing 'https://y140ig9ev7dw52zu-85641101578.shopifypreview.com/' violates the following Content Security Policy directive: "frame-ancestors 'none'". The request has been blocked.
 @ :0
[   22412ms] [ERROR] Failed to load resource: the server responded with a status of 404 () @ chrome-error://chromewebdata/:0
[   28848ms] [LOG] jQuery is loaded, after 10638 milliseconds! @ https://subscription-admin.appstle.com/assets/js/appstle-subscription.min.js?shop=bquwnn-bz.myshopify.com&v=1781806074820:0
[   29059ms] [ERROR] Failed to load resource: the server responded with a status of 404 () @ https://y140ig9ev7dw52zu-85641101578.shopifypreview.com/shopify_pay/accelerated_checkout:0
[   30994ms] [LOG] remove_from_cart enabled @ https://cdn.shopify.com/extensions/019e6dfc-a31c-7f9d-9d41-380a35b6f6ab/taggrs-new-171/assets/remove_from_cart.js:24
[   31001ms] [WARNING] Banner element not found within 10 seconds @ https://cdn.shopify.com/extensions/019efe59-f1c6-731e-92a9-fda6f9b33573/appstle-bundles-2877/assets/appstle-bundles-discount-announcement-bar.min.js:0
[   40320ms] [WARNING] [ABConvert] ABCONVERT_SENTRY_DSN not configured @ https://y140ig9ev7dw52zu-85641101578.shopifypreview.com/products/vitalpaws-multivitamin-chews:728
[   40321ms] [LOG] [ABConvert] [url-redirect-test-v1] [INFO] [init] Running ABConvert URL redirect test 2.0.0 with cart attribute updates {source: ABConvert, script: url-redirect-test-v1, level: info, step: init, message: Running ABConvert URL redirect test 2.0.0 with cart attribute updates} @ https://y140ig9ev7dw52zu-85641101578.shopifypreview.com/products/vitalpaws-multivitamin-chews:728
[   40362ms] [LOG] [ABConvert] [url-redirect-test-v1] [INFO] [cart-attributes] Updating redirect cart attributes {source: ABConvert, script: url-redirect-test-v1, level: info, step: cart-attributes, message: Updating redirect cart attributes} @ https://y140ig9ev7dw52zu-85641101578.shopifypreview.com/products/vitalpaws-multivitamin-chews:728
[   41228ms] [WARNING] [ABConvert] ABCONVERT_SENTRY_DSN not configured @ https://y140ig9ev7dw52zu-85641101578.shopifypreview.com/products/vitalpaws-multivitamin-chews?variant=52162322858250:728
[   41228ms] [LOG] [ABConvert] [url-redirect-test-v1] [INFO] [init] Running ABConvert URL redirect test 2.0.0 with cart attribute updates {source: ABConvert, script: url-redirect-test-v1, level: info, step: init, message: Running ABConvert URL redirect test 2.0.0 with cart attribute updates} @ https://y140ig9ev7dw52zu-85641101578.shopifypreview.com/products/vitalpaws-multivitamin-chews?variant=52162322858250:728
[   41231ms] [LOG] [ABConvert] [url-redirect-test-v1] [INFO] [cart-attributes] Updating redirect cart attributes {source: ABConvert, script: url-redirect-test-v1, level: info, step: cart-attributes, message: Updating redirect cart attributes} @ https://y140ig9ev7dw52zu-85641101578.shopifypreview.com/products/vitalpaws-multivitamin-chews?variant=52162322858250:728
[   42289ms] [WARNING] [ABConvert] ABCONVERT_SENTRY_DSN not configured @ https://y140ig9ev7dw52zu-85641101578.shopifypreview.com/products/vitalpaws-multivitamin-chews?variant=52162322858250&_abr=1:728
[   42290ms] [LOG] [ABConvert] [url-redirect-test-v1] [INFO] [init] Running ABConvert URL redirect test 2.0.0 with cart attribute updates {source: ABConvert, script: url-redirect-test-v1, level: info, step: init, message: Running ABConvert URL redirect test 2.0.0 with cart attribute updates} @ https://y140ig9ev7dw52zu-85641101578.shopifypreview.com/products/vitalpaws-multivitamin-chews?variant=52162322858250&_abr=1:728
[   42293ms] [LOG] [ABConvert] [url-redirect-test-v1] [INFO] [cart-attributes] Updating redirect cart attributes {source: ABConvert, script: url-redirect-test-v1, level: info, step: cart-attributes, message: Updating redirect cart attributes} @ https://y140ig9ev7dw52zu-85641101578.shopifypreview.com/products/vitalpaws-multivitamin-chews?variant=52162322858250&_abr=1:728
