[    1339ms] [ERROR] Failed to load resource: the server responded with a status of 404 () @ https://y140ig9ev7dw52zu-85641101578.shopifypreview.com/web-pixels@4074779awe500cddcp1e53a49dm5f7c656e/custom/web-pixel-210665738@1/sandbox/modern/products/vitalpaws-multivitamin-chews?variant=52162322858250&_abr=1:0
[    1339ms] [ERROR] Failed to load resource: the server responded with a status of 404 () @ https://y140ig9ev7dw52zu-85641101578.shopifypreview.com/web-pixels@4074779awe500cddcp1e53a49dm5f7c656e/custom/web-pixel-210665738@1/sandbox/modern/products/vitalpaws-multivitamin-chews?variant=52162322858250&_abr=1:0
[    1387ms] [ERROR] Failed to load resource: the server responded with a status of 404 () @ https://y140ig9ev7dw52zu-85641101578.shopifypreview.com/web-pixels@4074779awe500cddcp1e53a49dm5f7c656e/custom/web-pixel-245465354@5/sandbox/modern/products/vitalpaws-multivitamin-chews?variant=52162322858250&_abr=1:0
[    1339ms] [ERROR] Failed to load resource: the server responded with a status of 404 () @ https://y140ig9ev7dw52zu-85641101578.shopifypreview.com/web-pixels@4074779awe500cddcp1e53a49dm5f7c656e/custom/web-pixel-210665738@1/sandbox/modern/products/vitalpaws-multivitamin-chews?variant=52162322858250&_abr=1:0
[    1387ms] [ERROR] Failed to load resource: the server responded with a status of 404 () @ https://y140ig9ev7dw52zu-85641101578.shopifypreview.com/web-pixels@4074779awe500cddcp1e53a49dm5f7c656e/custom/web-pixel-245465354@5/sandbox/modern/products/vitalpaws-multivitamin-chews?variant=52162322858250&_abr=1:0
[    1397ms] [ERROR] Failed to load resource: the server responded with a status of 404 () @ https://y140ig9ev7dw52zu-85641101578.shopifypreview.com/web-pixels@4074779awe500cddcp1e53a49dm5f7c656e/custom/web-pixel-shopify-custom-pixel@0480/sandbox/modern/products/vitalpaws-multivitamin-chews?variant=52162322858250&_abr=1:0
[    1810ms] [WARNING] [ABConvert] ABCONVERT_SENTRY_DSN not configured @ https://y140ig9ev7dw52zu-85641101578.shopifypreview.com/:707
[    1810ms] [LOG] [ABConvert] [url-redirect-test-v1] [INFO] [init] Running ABConvert URL redirect test 2.0.0 with cart attribute updates {source: ABConvert, script: url-redirect-test-v1, level: info, step: init, message: Running ABConvert URL redirect test 2.0.0 with cart attribute updates} @ https://y140ig9ev7dw52zu-85641101578.shopifypreview.com/:707
[    3754ms] [ERROR] Failed to load resource: the server responded with a status of 404 () @ https://y140ig9ev7dw52zu-85641101578.shopifypreview.com/web-pixels@4074779awe500cddcp1e53a49dm5f7c656e/custom/web-pixel-245465354@5/sandbox/modern/:0
[    3754ms] [ERROR] Failed to load resource: the server responded with a status of 404 () @ https://y140ig9ev7dw52zu-85641101578.shopifypreview.com/web-pixels@4074779awe500cddcp1e53a49dm5f7c656e/custom/web-pixel-245465354@5/sandbox/modern/:0
[    3764ms] [ERROR] Failed to load resource: the server responded with a status of 404 () @ https://y140ig9ev7dw52zu-85641101578.shopifypreview.com/web-pixels@4074779awe500cddcp1e53a49dm5f7c656e/custom/web-pixel-210665738@1/sandbox/modern/:0
[    3754ms] [ERROR] Failed to load resource: the server responded with a status of 404 () @ https://y140ig9ev7dw52zu-85641101578.shopifypreview.com/web-pixels@4074779awe500cddcp1e53a49dm5f7c656e/custom/web-pixel-245465354@5/sandbox/modern/:0
[    3764ms] [ERROR] Failed to load resource: the server responded with a status of 404 () @ https://y140ig9ev7dw52zu-85641101578.shopifypreview.com/web-pixels@4074779awe500cddcp1e53a49dm5f7c656e/custom/web-pixel-210665738@1/sandbox/modern/:0
[    3848ms] [ERROR] Failed to load resource: the server responded with a status of 404 () @ https://y140ig9ev7dw52zu-85641101578.shopifypreview.com/web-pixels@4074779awe500cddcp1e53a49dm5f7c656e/custom/web-pixel-shopify-custom-pixel@0480/sandbox/modern/:0
[    4954ms] [INFO] [HotReload] CLI hot reload disabled - No hot reload port specified. @ https://y140ig9ev7dw52zu-85641101578.shopifypreview.com/cdn/shopifycloud/theme-hot-reload/theme-hot-reload.js:316
[    5470ms] [LOG] [ABConvert] Running theme clear cache script 1.0.1 @ https://cdn.shopify.com/extensions/019eff39-3fab-7c23-887a-921e61a5a675/v2.14.41/assets/theme-clear-cache-script.js:1
[    5471ms] [LOG] [ABConvert] Running ABConvert shipping script production: 3.1.0 - remove the blocking of changing line item property @ https://cdn.shopify.com/extensions/019eff39-3fab-7c23-887a-921e61a5a675/v2.14.41/assets/shipping-script.js:0
[    5471ms] [LOG] [ABConvert] Initialize shipping script @ https://cdn.shopify.com/extensions/019eff39-3fab-7c23-887a-921e61a5a675/v2.14.41/assets/shipping-script.js:0
[    5504ms] [LOG] [ABConvert] Fetch shipping config @ https://cdn.shopify.com/extensions/019eff39-3fab-7c23-887a-921e61a5a675/v2.14.41/assets/shipping-script.js:0
[    5505ms] [LOG] [ABConvert] Running customer label script @ https://cdn.shopify.com/extensions/019eff39-3fab-7c23-887a-921e61a5a675/v2.14.41/assets/visitor-label-script.js:1
[   14968ms] [LOG] DOM Purify Loaded @ https://subscription-admin.appstle.com/assets/js/appstle-subscription.min.js?shop=bquwnn-bz.myshopify.com&v=1781806074820:0
[   17759ms] [LOG] jQuery is loaded, after 5023 milliseconds! @ https://browser.sentry-cdn.com/10.61.0/bundle.tracing.replay.min.js:1
[   17893ms] [ERROR] Failed to load resource: the server responded with a status of 404 () @ https://y140ig9ev7dw52zu-85641101578.shopifypreview.com/shopify_pay/accelerated_checkout:0
[   18029ms] [LOG] remove_from_cart enabled @ https://browser.sentry-cdn.com/10.61.0/bundle.tracing.replay.min.js:1
[   19759ms] [LOG] [LOG] ABConvert change line item property @ https://browser.sentry-cdn.com/10.61.0/bundle.tracing.replay.min.js:1
[   22495ms] [LOG] [LOG] ABConvert existing cart {token: hWNDl26qe38zoCJaLjiofGFC?key=93f913ab3a7742870c0ce8c6073b3b2b, note: , attributes: Object, original_total_price: 0, total_price: 0} @ https://browser.sentry-cdn.com/10.61.0/bundle.tracing.replay.min.js:1
[   22934ms] [WARNING] Banner element not found within 10 seconds @ https://browser.sentry-cdn.com/10.61.0/bundle.tracing.replay.min.js:1
