[    2125ms] [WARNING] [ABConvert] ABCONVERT_SENTRY_DSN not configured @ https://y140ig9ev7dw52zu-85641101578.shopifypreview.com/products/vitalpaws-multivitamin-chews:728
[    2125ms] [LOG] [ABConvert] [url-redirect-test-v1] [INFO] [init] Running ABConvert URL redirect test 2.0.0 with cart attribute updates {source: ABConvert, script: url-redirect-test-v1, level: info, step: init, message: Running ABConvert URL redirect test 2.0.0 with cart attribute updates} @ https://y140ig9ev7dw52zu-85641101578.shopifypreview.com/products/vitalpaws-multivitamin-chews:728
[    2255ms] [LOG] [ABConvert] [url-redirect-test-v1] [INFO] [cart-attributes] Updating redirect cart attributes {source: ABConvert, script: url-redirect-test-v1, level: info, step: cart-attributes, message: Updating redirect cart attributes} @ https://y140ig9ev7dw52zu-85641101578.shopifypreview.com/products/vitalpaws-multivitamin-chews:728
[    2586ms] [WARNING] [ABConvert] ABCONVERT_SENTRY_DSN not configured @ https://y140ig9ev7dw52zu-85641101578.shopifypreview.com/products/vitalpaws-multivitamin-chews?variant=52162322858250:728
[    2586ms] [LOG] [ABConvert] [url-redirect-test-v1] [INFO] [init] Running ABConvert URL redirect test 2.0.0 with cart attribute updates {source: ABConvert, script: url-redirect-test-v1, level: info, step: init, message: Running ABConvert URL redirect test 2.0.0 with cart attribute updates} @ https://y140ig9ev7dw52zu-85641101578.shopifypreview.com/products/vitalpaws-multivitamin-chews?variant=52162322858250:728
[    2659ms] [LOG] [ABConvert] [url-redirect-test-v1] [INFO] [cart-attributes] Updating redirect cart attributes {source: ABConvert, script: url-redirect-test-v1, level: info, step: cart-attributes, message: Updating redirect cart attributes} @ https://y140ig9ev7dw52zu-85641101578.shopifypreview.com/products/vitalpaws-multivitamin-chews?variant=52162322858250:728
[    2903ms] [WARNING] [ABConvert] ABCONVERT_SENTRY_DSN not configured @ https://y140ig9ev7dw52zu-85641101578.shopifypreview.com/products/vitalpaws-multivitamin-chews?variant=52162322858250&_abr=1:728
[    2903ms] [LOG] [ABConvert] [url-redirect-test-v1] [INFO] [init] Running ABConvert URL redirect test 2.0.0 with cart attribute updates {source: ABConvert, script: url-redirect-test-v1, level: info, step: init, message: Running ABConvert URL redirect test 2.0.0 with cart attribute updates} @ https://y140ig9ev7dw52zu-85641101578.shopifypreview.com/products/vitalpaws-multivitamin-chews?variant=52162322858250&_abr=1:728
[    2949ms] [LOG] [ABConvert] [url-redirect-test-v1] [INFO] [cart-attributes] Updating redirect cart attributes {source: ABConvert, script: url-redirect-test-v1, level: info, step: cart-attributes, message: Updating redirect cart attributes} @ https://y140ig9ev7dw52zu-85641101578.shopifypreview.com/products/vitalpaws-multivitamin-chews?variant=52162322858250&_abr=1:728
[    4991ms] [ERROR] Failed to load resource: the server responded with a status of 404 () @ https://y140ig9ev7dw52zu-85641101578.shopifypreview.com/web-pixels@4074779awe500cddcp1e53a49dm5f7c656e/custom/web-pixel-210665738@1/sandbox/modern/products/vitalpaws-multivitamin-chews?variant=52162322858250&_abr=1:0
[    4991ms] [ERROR] Failed to load resource: the server responded with a status of 404 () @ https://y140ig9ev7dw52zu-85641101578.shopifypreview.com/web-pixels@4074779awe500cddcp1e53a49dm5f7c656e/custom/web-pixel-210665738@1/sandbox/modern/products/vitalpaws-multivitamin-chews?variant=52162322858250&_abr=1:0
[    5006ms] [ERROR] Failed to load resource: the server responded with a status of 404 () @ https://y140ig9ev7dw52zu-85641101578.shopifypreview.com/web-pixels@4074779awe500cddcp1e53a49dm5f7c656e/custom/web-pixel-shopify-custom-pixel@0480/sandbox/modern/products/vitalpaws-multivitamin-chews?variant=52162322858250&_abr=1:0
[    5030ms] [LOG] [10266032931082, 9938029117706, 10239764037898, 10301879386378, 10306001502474, 10306128478474, 10311188447498, 10314483138826] mainItemId @ https://y140ig9ev7dw52zu-85641101578.shopifypreview.com/products/vitalpaws-multivitamin-chews?variant=52162322858250&_abr=1:1471
[    4991ms] [ERROR] Failed to load resource: the server responded with a status of 404 () @ https://y140ig9ev7dw52zu-85641101578.shopifypreview.com/web-pixels@4074779awe500cddcp1e53a49dm5f7c656e/custom/web-pixel-210665738@1/sandbox/modern/products/vitalpaws-multivitamin-chews?variant=52162322858250&_abr=1:0
[    5006ms] [ERROR] Failed to load resource: the server responded with a status of 404 () @ https://y140ig9ev7dw52zu-85641101578.shopifypreview.com/web-pixels@4074779awe500cddcp1e53a49dm5f7c656e/custom/web-pixel-shopify-custom-pixel@0480/sandbox/modern/products/vitalpaws-multivitamin-chews?variant=52162322858250&_abr=1:0
[    5042ms] [ERROR] Failed to load resource: the server responded with a status of 404 () @ https://y140ig9ev7dw52zu-85641101578.shopifypreview.com/web-pixels@4074779awe500cddcp1e53a49dm5f7c656e/custom/web-pixel-245465354@5/sandbox/modern/products/vitalpaws-multivitamin-chews?variant=52162322858250&_abr=1:0
[   12765ms] [LOG] false hasMainItem @ https://y140ig9ev7dw52zu-85641101578.shopifypreview.com/products/vitalpaws-multivitamin-chews?variant=52162322858250&_abr=1:1506
[   12765ms] [INFO] Clear-Site-Data header on 'https://y140ig9ev7dw52zu-85641101578.shopifypreview.com/cart/update.js': Cleared data types: "prefetchCache", "prerenderCache". @ https://y140ig9ev7dw52zu-85641101578.shopifypreview.com/products/vitalpaws-multivitamin-chews?variant=52162322858250&_abr=1:5489
[   12787ms] [LOG] [ABConvert] [url-redirect-test-v1] [INFO] [cart-attributes] Redirect cart attributes updated successfully {source: ABConvert, script: url-redirect-test-v1, level: info, step: cart-attributes, message: Redirect cart attributes updated successfully} @ https://y140ig9ev7dw52zu-85641101578.shopifypreview.com/products/vitalpaws-multivitamin-chews?variant=52162322858250&_abr=1:728
[   12787ms] [LOG] [ABConvert] [url-redirect-test-v1] [INFO] [cart-attributes] Updating redirect cart attributes {source: ABConvert, script: url-redirect-test-v1, level: info, step: cart-attributes, message: Updating redirect cart attributes} @ https://y140ig9ev7dw52zu-85641101578.shopifypreview.com/products/vitalpaws-multivitamin-chews?variant=52162322858250&_abr=1:728
[   13950ms] [INFO] [HotReload] CLI hot reload disabled - No hot reload port specified. @ https://y140ig9ev7dw52zu-85641101578.shopifypreview.com/cdn/shopifycloud/theme-hot-reload/theme-hot-reload.js:316
[   14096ms] [LOG] [ABConvert] Running ABConvert shipping script production: 3.1.0 - remove the blocking of changing line item property @ https://cdn.shopify.com/extensions/019eff39-3fab-7c23-887a-921e61a5a675/v2.14.41/assets/shipping-script.js:0
[   14096ms] [LOG] [ABConvert] Initialize shipping script @ https://cdn.shopify.com/extensions/019eff39-3fab-7c23-887a-921e61a5a675/v2.14.41/assets/shipping-script.js:0
[   14121ms] [LOG] [ABConvert] Fetch shipping config @ https://cdn.shopify.com/extensions/019eff39-3fab-7c23-887a-921e61a5a675/v2.14.41/assets/shipping-script.js:0
[   14127ms] [LOG] [ABConvert] Running theme clear cache script 1.0.1 @ https://cdn.shopify.com/extensions/019eff39-3fab-7c23-887a-921e61a5a675/v2.14.41/assets/theme-clear-cache-script.js:1
[   14127ms] [LOG] [ABConvert] Running customer label script @ https://cdn.shopify.com/extensions/019eff39-3fab-7c23-887a-921e61a5a675/v2.14.41/assets/visitor-label-script.js:1
[   14730ms] [LOG] %cLoop Widget: product info background-color: #7D41FF; color: #FFFFFF; padding: 2px; {10316636979466: Object} @ https://cdn.shopify.com/extensions/019ef96e-99b9-7478-87e9-5aa12b35cb63/loop-subscriptions-222/assets/loop_widget.js:267
[   15060ms] [LOG] false hasMainItem @ https://y140ig9ev7dw52zu-85641101578.shopifypreview.com/products/vitalpaws-multivitamin-chews?variant=52162322858250&_abr=1:1506
[   16270ms] [LOG] DOM Purify Loaded @ https://subscription-admin.appstle.com/assets/js/appstle-subscription.min.js?shop=bquwnn-bz.myshopify.com&v=1781806074820:0
[   17586ms] [LOG] jQuery is loaded, after 2446 milliseconds! @ https://browser.sentry-cdn.com/10.61.0/bundle.tracing.replay.min.js:1
[   17945ms] [LOG] false hasMainItem @ https://browser.sentry-cdn.com/10.61.0/bundle.tracing.replay.min.js:1
[   21842ms] [LOG] remove_from_cart enabled @ https://browser.sentry-cdn.com/10.61.0/bundle.tracing.replay.min.js:1
[   25463ms] [ERROR] Failed to load resource: the server responded with a status of 404 () @ https://y140ig9ev7dw52zu-85641101578.shopifypreview.com/shopify_pay/accelerated_checkout:0
[   26609ms] [WARNING] Banner element not found within 10 seconds @ https://browser.sentry-cdn.com/10.61.0/bundle.tracing.replay.min.js:1
[   31660ms] [TIMEEND] renderLoopWidget: 16929.974853515625 ms @ https://cdn.shopify.com/extensions/019ef96e-99b9-7478-87e9-5aa12b35cb63/loop-subscriptions-222/assets/loop_widget.js:31
[   33882ms] [LOG] [LOG] ABConvert change line item property @ https://browser.sentry-cdn.com/10.61.0/bundle.tracing.replay.min.js:1
[   35337ms] [LOG] [LOG] ABConvert existing cart {token: hWNDl26qe38zoCJaLjiofGFC?key=93f913ab3a7742870c0ce8c6073b3b2b, note: , attributes: Object, original_total_price: 0, total_price: 0} @ https://browser.sentry-cdn.com/10.61.0/bundle.tracing.replay.min.js:1
